// Jest Snapshot v1, https://goo.gl/fbAQLP

exports[`scrape gets 1`] = `
Array [
  Object {
    "date": "Jan 13 Sat",
    "image": "//d2ciprw05cjhos.cloudfront.net/files/v3/styles/gs_small/public/events/17/08/yoga2_170816.jpg?itok=1dLi_cwS",
    "tags": Array [],
    "title": "240hr Enriched Yoga Teacher Training",
    "url": "https://www.straight.com/listings/events/835816",
    "venue": "Vancouver School of Yoga",
  },
  Object {
    "date": "Jan 13 Sat",
    "image": "//d2ciprw05cjhos.cloudfront.net/files/v3/styles/gs_small/public/events/17/11/above_the_hospital_publicity_image9.jpg?itok=5-UCSzIv",
    "tags": Array [
      "Theatre",
      "Performing Arts",
    ],
    "title": "Above the Hospital",
    "url": "https://www.straight.com/listings/events/1000901",
    "venue": "The Red Gate Revue Stage",
  },
  Object {
    "date": "Jan 13 Sat",
    "image": "//d2ciprw05cjhos.cloudfront.net/files/v3/styles/gs_small/public/events/18/01/image0011.png?itok=QmPbaPVx",
    "tags": Array [
      "Film",
      "Kids' Stuff",
    ],
    "title": "Amazon Adventure in IMAX film",
    "url": "https://www.straight.com/listings/events/1015826",
    "venue": "Science World at Telus World of Science",
  },
  Object {
    "date": "Jan 13 Sat",
    "image": "//d2ciprw05cjhos.cloudfront.net/files/v3/styles/gs_small/public/events/17/02/bird_necklace_rs.jpg?itok=Z9fUxWrA",
    "tags": Array [
      "Galleries",
    ],
    "title": "Amazonia: The Rights of Nature",
    "url": "https://www.straight.com/listings/events/869896",
    "venue": "The Museum of Anthropology at UBC",
  },
  Object {
    "date": "Jan 13 Sat",
    "image": "//d2ciprw05cjhos.cloudfront.net/files/v3/styles/gs_small/public/events/18/01/gregsestero_180104.jpg?itok=KEsx1Fo0",
    "tags": Array [
      "Film",
    ],
    "title": "An Evening With Greg Sestero",
    "url": "https://www.straight.com/listings/events/1014161",
    "venue": "Rio Theatre",
  },
  Object {
    "date": "Jan 13 Sat",
    "image": undefined,
    "tags": Array [
      "Galleries",
      "Other",
    ],
    "title": "Art Rental Show",
    "url": "https://www.straight.com/listings/events/1010851",
    "venue": "Cityscape Community Art Space",
  },
  Object {
    "date": "Jan 13 Sat",
    "image": undefined,
    "tags": Array [
      "Galleries",
      "Attractions",
    ],
    "title": "Barb Pearson and Jodi Stark Exhibit",
    "url": "https://www.straight.com/listings/events/1008761",
    "venue": "District Foyer Gallery",
  },
  Object {
    "date": "Jan 13 Sat",
    "image": "//d2ciprw05cjhos.cloudfront.net/files/v3/styles/gs_small/public/events/17/12/mehra-04_view1.jpeg?itok=bYrRxcmF",
    "tags": Array [
      "Galleries",
      "Activism",
    ],
    "title": "Beginning with the Seventies: GLUT exhibition",
    "url": "https://www.straight.com/listings/events/1009296",
    "venue": "Morris and Helen Belkin Art Gallery",
  },
  Object {
    "date": "Jan 13 Sat",
    "image": "//d2ciprw05cjhos.cloudfront.net/files/v3/styles/gs_small/public/events/17/12/belledejour_171218.jpg?itok=5zw3CHGV",
    "tags": Array [
      "Film",
    ],
    "title": "Belle de Jour",
    "url": "https://www.straight.com/listings/events/1009176",
    "venue": "Vancity Theatre",
  },
  Object {
    "date": "Jan 13 Sat",
    "image": "//d2ciprw05cjhos.cloudfront.net/files/v3/styles/gs_small/public/events/17/12/maki_pink_veil_pixie.jpg?itok=SZK3j60Y",
    "tags": Array [
      "Dance",
      "Performing Arts",
    ],
    "title": "Bellydance Classes with Maki",
    "url": "https://www.straight.com/listings/events/1010471",
    "venue": "Scotiabank Dance Centre",
  },
  Object {
    "date": "Jan 13 Sat",
    "image": undefined,
    "tags": Array [
      "Concerts",
    ],
    "title": "Best in Vancouver Finals",
    "url": "https://www.straight.com/listings/events/1005696",
    "venue": "Railway Stage and Beer Café",
  },
  Object {
    "date": "Jan 13 Sat",
    "image": undefined,
    "tags": Array [
      "Galleries",
      "Attractions",
    ],
    "title": "Bev Ellis | Broken: Together",
    "url": "https://www.straight.com/listings/events/1008771",
    "venue": "City Atrium Gallery",
  },
  Object {
    "date": "Jan 13 Sat",
    "image": "//d2ciprw05cjhos.cloudfront.net/files/v3/styles/gs_small/public/events/18/01/bigjayoakerson_180104.jpg?itok=nj3KGPfg",
    "tags": Array [
      "Comedy",
    ],
    "title": "Big Jay Oakerson",
    "url": "https://www.straight.com/listings/events/1014121",
    "venue": "The Comedy MIX",
  },
  Object {
    "date": "Jan 13 Sat",
    "image": "//d2ciprw05cjhos.cloudfront.net/files/v3/styles/gs_small/public/events/17/11/23843397_1732906543386291_1390639040143937972_n.jpg?itok=O0A3o_Pw",
    "tags": Array [
      "Performing Arts",
      "Food & Drink",
    ],
    "title": "BigTop Tuesdays",
    "url": "https://www.straight.com/listings/events/1000976",
    "venue": "Libra Room",
  },
  Object {
    "date": "Jan 13 Sat",
    "image": "//d2ciprw05cjhos.cloudfront.net/files/v3/styles/gs_small/public/events/18/01/birdboy_180105.jpg?itok=goMh20xc",
    "tags": Array [
      "Film",
    ],
    "title": "Birdboy: The Forgotten Children",
    "url": "https://www.straight.com/listings/events/1014506",
    "venue": "Vancity Theatre",
  },
  Object {
    "date": "Jan 13 Sat",
    "image": "//d2ciprw05cjhos.cloudfront.net/files/v3/styles/gs_small/public/events/18/01/blue_180105.jpg?itok=Vgrbh0Fx",
    "tags": Array [
      "Film",
    ],
    "title": "Blue",
    "url": "https://www.straight.com/listings/events/1014501",
    "venue": "Vancity Theatre",
  },
  Object {
    "date": "Jan 13 Sat",
    "image": undefined,
    "tags": Array [],
    "title": "Blues Brunch With Rob Montgomery",
    "url": "https://www.straight.com/listings/events/1017201",
    "venue": "Railway Stage and Beer Café",
  },
  Object {
    "date": "Jan 13 Sat",
    "image": "//d2ciprw05cjhos.cloudfront.net/files/v3/styles/gs_small/public/events/18/01/bombshell_180105.jpg?itok=EZuWk6JG",
    "tags": Array [
      "Film",
    ],
    "title": "Bombshell: The Hedy Lamarr Story",
    "url": "https://www.straight.com/listings/events/1014496",
    "venue": "Vancity Theatre",
  },
  Object {
    "date": "Jan 13 Sat",
    "image": "//d2ciprw05cjhos.cloudfront.net/files/v3/styles/gs_small/public/events/18/01/books.jpg?itok=RJnwfNl4",
    "tags": Array [
      "Performing Arts",
      "Galleries",
    ],
    "title": "Books: Patrick Blenkarn’s MFA Graduating Project",
    "url": "https://www.straight.com/listings/events/1013541",
    "venue": "Studio D, SFU's Goldcorp Centre for the Arts",
  },
  Object {
    "date": "Jan 13 Sat",
    "image": "//d2ciprw05cjhos.cloudfront.net/files/v3/styles/gs_small/public/events/18/01/top10_180108.jpg?itok=mk73SmwJ",
    "tags": Array [
      "Film",
    ],
    "title": "Canada's Top 10 Film Festival",
    "url": "https://www.straight.com/listings/events/1015526",
    "venue": "The Cinematheque",
  },
  Object {
    "date": "Jan 13 Sat",
    "image": "//d2ciprw05cjhos.cloudfront.net/files/v3/styles/gs_small/public/events/17/11/canyonlights_171120.jpg?itok=4qbCkDy6",
    "tags": Array [
      "Kids' Stuff",
      "Holiday",
    ],
    "title": "Canyon Lights",
    "url": "https://www.straight.com/listings/events/997566",
    "venue": "Capilano Suspension Bridge",
  },
  Object {
    "date": "Jan 13 Sat",
    "image": "//d2ciprw05cjhos.cloudfront.net/files/v3/styles/gs_small/public/events/17/11/canyon_lights_2013-12_preview.jpeg?itok=HkNV7_oO",
    "tags": Array [
      "Other",
    ],
    "title": "Canyon Lights: Vancouver City Capilano Suspension Bridge Park Tour",
    "url": "https://www.straight.com/listings/events/999956",
    "venue": "Canada Place",
  },
  Object {
    "date": "Jan 13 Sat",
    "image": "//d2ciprw05cjhos.cloudfront.net/files/v3/styles/gs_small/public/events/17/10/carolsawyer_171024.jpg?itok=tHnvUvbP",
    "tags": Array [
      "Galleries",
    ],
    "title": "Carol Sawyer: The Natalie Brettschneider Archive",
    "url": "https://www.straight.com/listings/events/985691",
    "venue": "Vancouver Art Gallery",
  },
  Object {
    "date": "Jan 13 Sat",
    "image": undefined,
    "tags": Array [
      "Concerts",
    ],
    "title": "Celebrated pianist Monty Alexander",
    "url": "https://www.straight.com/listings/events/1004156",
    "venue": "Frankie’s Jazz Club",
  },
  Object {
    "date": "Jan 13 Sat",
    "image": undefined,
    "tags": Array [
      "Galleries",
    ],
    "title": "Celebration: Youth Art Exhibition",
    "url": "https://www.straight.com/listings/events/1008276",
    "venue": "Lynn Valley Library Square",
  },
]
`;
