// Jest Snapshot v1, https://goo.gl/fbAQLP

exports[`scrape should download all episodes 1`] = `
Array [
  Array [
    "http://lostpedia.wikia.com/wiki/Pilot,_Part_1_transcript",
    "data/html/1-1.html",
  ],
  Array [
    "http://lostpedia.wikia.com/wiki/The_End_transcript",
    "data/html/6-16.html",
  ],
  Array [
    "http://lostpedia.wikia.com/wiki/What_They_Died_For_transcript",
    "data/html/6-15.html",
  ],
  Array [
    "http://lostpedia.wikia.com/wiki/Across_the_Sea_transcript",
    "data/html/6-14.html",
  ],
  Array [
    "http://lostpedia.wikia.com/wiki/The_Candidate_transcript",
    "data/html/6-13.html",
  ],
  Array [
    "http://lostpedia.wikia.com/wiki/The_Last_Recruit_transcript",
    "data/html/6-12.html",
  ],
  Array [
    "http://lostpedia.wikia.com/wiki/Everbody_Loves_Hugo_transcript",
    "data/html/6-11.html",
  ],
  Array [
    "http://lostpedia.wikia.com/wiki/Happily_Ever_After_transcript",
    "data/html/6-10.html",
  ],
  Array [
    "http://lostpedia.wikia.com/wiki/The_Package_transcript",
    "data/html/6-9.html",
  ],
  Array [
    "http://lostpedia.wikia.com/wiki/Ab_Aeterno_transcript",
    "data/html/6-8.html",
  ],
  Array [
    "http://lostpedia.wikia.com/wiki/Recon_transcript",
    "data/html/6-7.html",
  ],
  Array [
    "http://lostpedia.wikia.com/wiki/Dr._Linus_transcript",
    "data/html/6-6.html",
  ],
  Array [
    "http://lostpedia.wikia.com/wiki/Sundown_transcript",
    "data/html/6-5.html",
  ],
  Array [
    "http://lostpedia.wikia.com/wiki/Lighthouse_transcript",
    "data/html/6-4.html",
  ],
  Array [
    "http://lostpedia.wikia.com/wiki/The_Substitute_transcript",
    "data/html/6-3.html",
  ],
  Array [
    "http://lostpedia.wikia.com/wiki/What_Kate_Does_transcript",
    "data/html/6-2.html",
  ],
  Array [
    "http://lostpedia.wikia.com/wiki/LA_X,_Parts_1_%26_2_transcript",
    "data/html/6-1.html",
  ],
  Array [
    "http://lostpedia.wikia.com/wiki/The_Incident,_Parts_1_%26_2_transcript",
    "data/html/5-16.html",
  ],
  Array [
    "http://lostpedia.wikia.com/wiki/Follow_the_Leader_transcript",
    "data/html/5-15.html",
  ],
  Array [
    "http://lostpedia.wikia.com/wiki/The_Variable_transcript",
    "data/html/5-14.html",
  ],
  Array [
    "http://lostpedia.wikia.com/wiki/Some_Like_It_Hoth_transcript",
    "data/html/5-13.html",
  ],
  Array [
    "http://lostpedia.wikia.com/wiki/Dead_Is_Dead_transcript",
    "data/html/5-12.html",
  ],
  Array [
    "http://lostpedia.wikia.com/wiki/Whatever_Happened,_Happened_transcript",
    "data/html/5-11.html",
  ],
  Array [
    "http://lostpedia.wikia.com/wiki/He%27s_Our_You_transcript",
    "data/html/5-10.html",
  ],
  Array [
    "http://lostpedia.wikia.com/wiki/Namaste_transcript",
    "data/html/5-9.html",
  ],
  Array [
    "http://lostpedia.wikia.com/wiki/LaFleur_transcript",
    "data/html/5-8.html",
  ],
  Array [
    "http://lostpedia.wikia.com/wiki/The_Life_and_Death_of_Jeremy_Bentham_transcript",
    "data/html/5-7.html",
  ],
  Array [
    "http://lostpedia.wikia.com/wiki/316_transcript",
    "data/html/5-6.html",
  ],
  Array [
    "http://lostpedia.wikia.com/wiki/This_Place_Is_Death_transcript",
    "data/html/5-5.html",
  ],
  Array [
    "http://lostpedia.wikia.com/wiki/The_Little_Prince_transcript",
    "data/html/5-4.html",
  ],
  Array [
    "http://lostpedia.wikia.com/wiki/Jughead_transcript",
    "data/html/5-3.html",
  ],
  Array [
    "http://lostpedia.wikia.com/wiki/The_Lie_transcript",
    "data/html/5-2.html",
  ],
  Array [
    "http://lostpedia.wikia.com/wiki/Because_You_Left_transcript",
    "data/html/5-1.html",
  ],
  Array [
    "http://lostpedia.wikia.com/wiki/There%27s_No_Place_Like_Home,_Parts_2_%26_3_transcript",
    "data/html/4-13.html",
  ],
  Array [
    "http://lostpedia.wikia.com/wiki/There%27s_No_Place_Like_Home,_Part_1_transcript",
    "data/html/4-12.html",
  ],
  Array [
    "http://lostpedia.wikia.com/wiki/Cabin_Fever_transcript",
    "data/html/4-11.html",
  ],
  Array [
    "http://lostpedia.wikia.com/wiki/Something_Nice_Back_Home_transcript",
    "data/html/4-10.html",
  ],
  Array [
    "http://lostpedia.wikia.com/wiki/The_Shape_of_Things_to_Come_transcript",
    "data/html/4-9.html",
  ],
  Array [
    "http://lostpedia.wikia.com/wiki/Meet_Kevin_Johnson_transcript",
    "data/html/4-8.html",
  ],
  Array [
    "http://lostpedia.wikia.com/wiki/Ji_Yeon_transcript",
    "data/html/4-7.html",
  ],
  Array [
    "http://lostpedia.wikia.com/wiki/The_Other_Woman_transcript",
    "data/html/4-6.html",
  ],
  Array [
    "http://lostpedia.wikia.com/wiki/The_Constant_transcript",
    "data/html/4-5.html",
  ],
  Array [
    "http://lostpedia.wikia.com/wiki/Eggtown_transcript",
    "data/html/4-4.html",
  ],
  Array [
    "http://lostpedia.wikia.com/wiki/The_Economist_transcript",
    "data/html/4-3.html",
  ],
  Array [
    "http://lostpedia.wikia.com/wiki/Confirmed_Dead_transcript",
    "data/html/4-2.html",
  ],
  Array [
    "http://lostpedia.wikia.com/wiki/The_Beginning_of_the_End_transcript",
    "data/html/4-1.html",
  ],
  Array [
    "http://lostpedia.wikia.com/wiki/Through_the_Looking_Glass_transcript",
    "data/html/3-22.html",
  ],
  Array [
    "http://lostpedia.wikia.com/wiki/Greatest_Hits_transcript",
    "data/html/3-21.html",
  ],
  Array [
    "http://lostpedia.wikia.com/wiki/The_Man_Behind_the_Curtain_transcript",
    "data/html/3-20.html",
  ],
  Array [
    "http://lostpedia.wikia.com/wiki/The_Brig_transcript",
    "data/html/3-19.html",
  ],
  Array [
    "http://lostpedia.wikia.com/wiki/D.O.C._transcript",
    "data/html/3-18.html",
  ],
  Array [
    "http://lostpedia.wikia.com/wiki/Catch-22_transcript",
    "data/html/3-17.html",
  ],
  Array [
    "http://lostpedia.wikia.com/wiki/One_of_Us_transcript",
    "data/html/3-16.html",
  ],
  Array [
    "http://lostpedia.wikia.com/wiki/Left_Behind_transcript",
    "data/html/3-15.html",
  ],
  Array [
    "http://lostpedia.wikia.com/wiki/Expos%C3%A9_transcript",
    "data/html/3-14.html",
  ],
  Array [
    "http://lostpedia.wikia.com/wiki/The_Man_from_Tallahassee_transcript",
    "data/html/3-13.html",
  ],
  Array [
    "http://lostpedia.wikia.com/wiki/Par_Avion_transcript",
    "data/html/3-12.html",
  ],
  Array [
    "http://lostpedia.wikia.com/wiki/Enter_77_transcript",
    "data/html/3-11.html",
  ],
  Array [
    "http://lostpedia.wikia.com/wiki/Tricia_Tanaka_Is_Dead_transcript",
    "data/html/3-10.html",
  ],
  Array [
    "http://lostpedia.wikia.com/wiki/Stranger_in_a_Strange_Land_transcript",
    "data/html/3-9.html",
  ],
  Array [
    "http://lostpedia.wikia.com/wiki/Flashes_Before_Your_Eyes_transcript",
    "data/html/3-8.html",
  ],
  Array [
    "http://lostpedia.wikia.com/wiki/Not_in_Portland_transcript",
    "data/html/3-7.html",
  ],
  Array [
    "http://lostpedia.wikia.com/wiki/I_Do_transcript",
    "data/html/3-6.html",
  ],
  Array [
    "http://lostpedia.wikia.com/wiki/The_Cost_of_Living_transcript",
    "data/html/3-5.html",
  ],
  Array [
    "http://lostpedia.wikia.com/wiki/Every_Man_for_Himself_transcript",
    "data/html/3-4.html",
  ],
  Array [
    "http://lostpedia.wikia.com/wiki/Further_Instructions_transcript",
    "data/html/3-3.html",
  ],
  Array [
    "http://lostpedia.wikia.com/wiki/The_Glass_Ballerina_transcript",
    "data/html/3-2.html",
  ],
  Array [
    "http://lostpedia.wikia.com/wiki/A_Tale_of_Two_Cities_transcript",
    "data/html/3-1.html",
  ],
  Array [
    "http://lostpedia.wikia.com/wiki/Live_Together,_Die_Alone_transcript",
    "data/html/2-23.html",
  ],
  Array [
    "http://lostpedia.wikia.com/wiki/Three_Minutes_transcript",
    "data/html/2-22.html",
  ],
  Array [
    "http://lostpedia.wikia.com/wiki/%3F_transcript",
    "data/html/2-21.html",
  ],
  Array [
    "http://lostpedia.wikia.com/wiki/Two_for_the_Road_transcript",
    "data/html/2-20.html",
  ],
  Array [
    "http://lostpedia.wikia.com/wiki/S.O.S._transcript",
    "data/html/2-19.html",
  ],
  Array [
    "http://lostpedia.wikia.com/wiki/Dave_transcript",
    "data/html/2-18.html",
  ],
  Array [
    "http://lostpedia.wikia.com/wiki/Lockdown_transcript",
    "data/html/2-17.html",
  ],
  Array [
    "http://lostpedia.wikia.com/wiki/The_Whole_Truth_transcript",
    "data/html/2-16.html",
  ],
  Array [
    "http://lostpedia.wikia.com/wiki/Maternity_Leave_transcript",
    "data/html/2-15.html",
  ],
  Array [
    "http://lostpedia.wikia.com/wiki/One_of_Them_transcript",
    "data/html/2-14.html",
  ],
  Array [
    "http://lostpedia.wikia.com/wiki/The_Long_Con_transcript",
    "data/html/2-13.html",
  ],
  Array [
    "http://lostpedia.wikia.com/wiki/Fire_%2B_Water_transcript",
    "data/html/2-12.html",
  ],
  Array [
    "http://lostpedia.wikia.com/wiki/The_Hunting_Party_transcript",
    "data/html/2-11.html",
  ],
  Array [
    "http://lostpedia.wikia.com/wiki/The_23rd_Psalm_transcript",
    "data/html/2-10.html",
  ],
  Array [
    "http://lostpedia.wikia.com/wiki/What_Kate_Did_transcript",
    "data/html/2-9.html",
  ],
  Array [
    "http://lostpedia.wikia.com/wiki/Collision_transcript",
    "data/html/2-8.html",
  ],
  Array [
    "http://lostpedia.wikia.com/wiki/The_Other_48_Days_transcript",
    "data/html/2-7.html",
  ],
  Array [
    "http://lostpedia.wikia.com/wiki/Abandoned_transcript",
    "data/html/2-6.html",
  ],
  Array [
    "http://lostpedia.wikia.com/wiki/...And_Found_transcript",
    "data/html/2-5.html",
  ],
  Array [
    "http://lostpedia.wikia.com/wiki/Everybody_Hates_Hugo_transcript",
    "data/html/2-4.html",
  ],
  Array [
    "http://lostpedia.wikia.com/wiki/Orientation_transcript",
    "data/html/2-3.html",
  ],
  Array [
    "http://lostpedia.wikia.com/wiki/Adrift_transcript",
    "data/html/2-2.html",
  ],
  Array [
    "http://lostpedia.wikia.com/wiki/Man_of_Science,_Man_of_Faith_transcript",
    "data/html/2-1.html",
  ],
  Array [
    "http://lostpedia.wikia.com/wiki/Exodus,_Part_2_transcript",
    "data/html/1-24.html",
  ],
  Array [
    "http://lostpedia.wikia.com/wiki/Exodus,_Part_1_transcript",
    "data/html/1-23.html",
  ],
  Array [
    "http://lostpedia.wikia.com/wiki/Born_to_Run_transcript",
    "data/html/1-22.html",
  ],
  Array [
    "http://lostpedia.wikia.com/wiki/The_Greater_Good_transcript",
    "data/html/1-21.html",
  ],
  Array [
    "http://lostpedia.wikia.com/wiki/Do_No_Harm_transcript",
    "data/html/1-20.html",
  ],
  Array [
    "http://lostpedia.wikia.com/wiki/Deus_Ex_Machina_transcript",
    "data/html/1-19.html",
  ],
  Array [
    "http://lostpedia.wikia.com/wiki/Numbers_transcript",
    "data/html/1-18.html",
  ],
  Array [
    "http://lostpedia.wikia.com/wiki/...In_Translation_transcript",
    "data/html/1-17.html",
  ],
  Array [
    "http://lostpedia.wikia.com/wiki/Outlaws_transcript",
    "data/html/1-16.html",
  ],
  Array [
    "http://lostpedia.wikia.com/wiki/Homecoming_transcript",
    "data/html/1-15.html",
  ],
  Array [
    "http://lostpedia.wikia.com/wiki/Special_transcript",
    "data/html/1-14.html",
  ],
  Array [
    "http://lostpedia.wikia.com/wiki/Hearts_and_Minds_transcript",
    "data/html/1-13.html",
  ],
  Array [
    "http://lostpedia.wikia.com/wiki/Whatever_the_Case_May_Be_transcript",
    "data/html/1-12.html",
  ],
  Array [
    "http://lostpedia.wikia.com/wiki/All_the_Best_Cowboys_Have_Daddy_Issues_transcript",
    "data/html/1-11.html",
  ],
  Array [
    "http://lostpedia.wikia.com/wiki/Raised_by_Another_transcript",
    "data/html/1-10.html",
  ],
  Array [
    "http://lostpedia.wikia.com/wiki/Solitary_transcript",
    "data/html/1-9.html",
  ],
  Array [
    "http://lostpedia.wikia.com/wiki/Confidence_Man_transcript",
    "data/html/1-8.html",
  ],
  Array [
    "http://lostpedia.wikia.com/wiki/The_Moth_transcript",
    "data/html/1-7.html",
  ],
  Array [
    "http://lostpedia.wikia.com/wiki/House_of_the_Rising_Sun_transcript",
    "data/html/1-6.html",
  ],
  Array [
    "http://lostpedia.wikia.com/wiki/White_Rabbit_transcript",
    "data/html/1-5.html",
  ],
  Array [
    "http://lostpedia.wikia.com/wiki/Walkabout_transcript",
    "data/html/1-4.html",
  ],
  Array [
    "http://lostpedia.wikia.com/wiki/Tabula_Rasa_transcript",
    "data/html/1-3.html",
  ],
  Array [
    "http://lostpedia.wikia.com/wiki/Pilot,_Part_2_transcript",
    "data/html/1-2.html",
  ],
]
`;
