// Jest Snapshot v1, https://goo.gl/fbAQLP

exports[`parsePage parses list html 1`] = `
Array [
  Object {
    "date": "Today–Mar 31",
    "id": "1203296",
    "image": "//d2ciprw05cjhos.cloudfront.net/files/v3/styles/gs_thumbnail/public/events/19/02/clay-dreams-postcard2.jpg?itok=SJRg44AU",
    "tags": Array [
      "Galleries",
    ],
    "title": "\\"Clay Dreams\\" by Anyuta Gusakova",
    "url": "https://www.straight.com/listings/events/1203296",
    "venue": "Circle Craft Gallery",
  },
  Object {
    "date": "Today–Mar 17",
    "id": "1190316",
    "image": "//d2ciprw05cjhos.cloudfront.net/files/v3/styles/gs_thumbnail/public/events/19/01/img_3275_compressed.jpg?itok=A3lmG1JO",
    "tags": Array [
      "Galleries",
    ],
    "title": "10,000 Ships",
    "url": "https://www.straight.com/listings/events/1190316",
    "venue": "The Polygon",
  },
  Object {
    "date": "Today–Mar 31",
    "id": "1182791",
    "image": "//d2ciprw05cjhos.cloudfront.net/files/v3/styles/gs_thumbnail/public/events/19/01/200hour.jpg?itok=LDkGcO2e",
    "tags": Array [
      "Sports",
      "Other",
    ],
    "title": "200 Hour Yoga Teacher Training Vancouver (Part-Time)",
    "url": "https://www.straight.com/listings/events/1182791",
    "venue": "Semperviva Yoga",
  },
  Object {
    "date": "Today–Mar 30",
    "id": "1207716",
    "image": undefined,
    "tags": Array [
      "Film",
    ],
    "title": "2019 Canadian Screen Arts Festival",
    "url": "https://www.straight.com/listings/events/1207716",
    "venue": "Cineplex Odeon International Village Cinemas",
  },
  Object {
    "date": "Today–Mar 17",
    "id": "1135806",
    "image": "//d2ciprw05cjhos.cloudfront.net/files/v3/styles/gs_thumbnail/public/events/18/09/ianthomselects_forweb01.jpg?itok=bvXSOZSV",
    "tags": Array [
      "Museums",
      "Galleries",
    ],
    "title": "A Curator's View: Ian Thom Selects",
    "url": "https://www.straight.com/listings/events/1135806",
    "venue": "Vancouver Art Gallery",
  },
  Object {
    "date": "Today–Apr 28",
    "id": "1197666",
    "image": "//d2ciprw05cjhos.cloudfront.net/files/v3/styles/gs_thumbnail/public/events/19/02/evastenram.jpg?itok=oR2iL37w",
    "tags": Array [
      "Museums",
      "Galleries",
    ],
    "title": "a Handful of Dust",
    "url": "https://www.straight.com/listings/events/1197666",
    "venue": "The Polygon",
  },
  Object {
    "date": "Today–Mar 16",
    "id": "1197856",
    "image": "//d2ciprw05cjhos.cloudfront.net/files/v3/styles/gs_thumbnail/public/events/19/02/abstracted_ex_banner_low_res.jpg?itok=uN_hW0uu",
    "tags": Array [
      "Galleries",
    ],
    "title": "Abstracted Exhibition",
    "url": "https://www.straight.com/listings/events/1197856",
    "venue": "Federation of Canadian Artists Gallery",
  },
  Object {
    "date": "Today–Mar 16",
    "id": "1175746",
    "image": "//d2ciprw05cjhos.cloudfront.net/files/v3/styles/gs_thumbnail/public/events/18/12/ex_banner_copy_low_res.jpg?itok=qyvSn5tn",
    "tags": Array [
      "Galleries",
      "Fundraisers & Charity",
    ],
    "title": "Abstracted: Exhibition of Canadian Artwork",
    "url": "https://www.straight.com/listings/events/1175746",
    "venue": "Federation of Canadian Artists Gallery",
  },
  Object {
    "date": "Today–May 20",
    "id": "1187546",
    "image": "//d2ciprw05cjhos.cloudfront.net/files/v3/styles/gs_thumbnail/public/events/19/01/affinities-01.jpg?itok=PZzKEySY",
    "tags": Array [
      "Galleries",
    ],
    "title": "Affinities: Canadian Artists and France ",
    "url": "https://www.straight.com/listings/events/1187546",
    "venue": "Vancouver Art Gallery",
  },
  Object {
    "date": "Today–Mar 31",
    "id": "1203331",
    "image": "//d2ciprw05cjhos.cloudfront.net/files/v3/styles/gs_thumbnail/public/events/19/02/ekrause_avian_alphabet_invitation_final.jpg?itok=3oe5utSr",
    "tags": Array [
      "Galleries",
      "Forums & Talks",
    ],
    "title": "An Avian Alphabet - It's for the Birds!",
    "url": "https://www.straight.com/listings/events/1203331",
    "venue": "Fort Gallery",
  },
  Object {
    "date": "Today–Apr 18",
    "id": "1183616",
    "image": "//d2ciprw05cjhos.cloudfront.net/files/v3/styles/gs_thumbnail/public/events/19/01/carl_beam_sperm_whales.jpg?itok=58LQlNQa",
    "tags": Array [
      "Galleries",
      "Literary/Books",
    ],
    "title": "Ann Beam and Carl Beam: Spaces for Reading",
    "url": "https://www.straight.com/listings/events/1183616",
    "venue": "SFU Gallery",
  },
  Object {
    "date": "Today–Mar 24",
    "id": "1176651",
    "image": "//d2ciprw05cjhos.cloudfront.net/files/v3/styles/gs_thumbnail/public/events/18/12/low_bedchamber_low-res.jpg?itok=AR5qY54l",
    "tags": Array [
      "Galleries",
      "Museums",
    ],
    "title": "Anne Low: Chair for a woman",
    "url": "https://www.straight.com/listings/events/1176651",
    "venue": "Contemporary Art Gallery",
  },
  Object {
    "date": "Today–Apr 5",
    "id": "1194571",
    "image": "//d2ciprw05cjhos.cloudfront.net/files/v3/styles/gs_thumbnail/public/events/19/01/profile_pic.png?itok=s7m5hHba",
    "tags": Array [
      "Other",
    ],
    "title": "ART CONTEST: Uniting Nations Through Art - Artist Call for participation",
    "url": "https://www.straight.com/listings/events/1194571",
    "venue": "Vancouver Convention Centre East",
  },
  Object {
    "date": "Today–Mar 23",
    "id": "1208241",
    "image": "//d2ciprw05cjhos.cloudfront.net/files/v3/styles/gs_thumbnail/public/events/19/03/marty-levenson-monoprints-contemporary-art-galleries-vancouver-elissa-cristall-gallery.jpg?itok=__o2CLeg",
    "tags": Array [
      "Galleries",
    ],
    "title": "ART ON PAPER",
    "url": "https://www.straight.com/listings/events/1208241",
    "venue": "Elissa Cristall Gallery",
  },
  Object {
    "date": "Today–Mar 24",
    "id": "1176666",
    "image": "//d2ciprw05cjhos.cloudfront.net/files/v3/styles/gs_thumbnail/public/events/18/12/gaisa-201609-tifflowres.jpg?itok=GrKgA4BP",
    "tags": Array [
      "Galleries",
      "Museums",
    ],
    "title": "Aslan Gaisumov: If No One Asks",
    "url": "https://www.straight.com/listings/events/1176666",
    "venue": "Contemporary Art Gallery",
  },
  Object {
    "date": "Today",
    "id": "1202916",
    "image": undefined,
    "tags": Array [
      "Theatre",
      "Performing Arts",
    ],
    "title": "Bard in the Valley Auditions",
    "url": "https://www.straight.com/listings/events/1202916",
    "venue": "Douglas Recreation Centre",
  },
  Object {
    "date": "Today–Mar 14",
    "id": "1188141",
    "image": "//d2ciprw05cjhos.cloudfront.net/files/v3/styles/gs_thumbnail/public/events/19/01/michellebm_maskno_bg.jpg?itok=T32DzaJz",
    "tags": Array [
      "Galleries",
    ],
    "title": "Being Seen, Being Heard, Having a Voice",
    "url": "https://www.straight.com/listings/events/1188141",
    "venue": "Craft Council of B.C. Gallery",
  },
  Object {
    "date": "Mar 11-12",
    "id": "1186766",
    "image": undefined,
    "tags": Array [
      "Forums & Talks",
    ],
    "title": "Bottom Line 2019 – Big Challenges, Big Changes",
    "url": "https://www.straight.com/listings/events/1186766",
    "venue": "The Westin Bayshore",
  },
  Object {
    "date": "Today–Mar 16",
    "id": "1190861",
    "image": "//d2ciprw05cjhos.cloudfront.net/files/v3/styles/gs_thumbnail/public/events/19/01/changed_2.jpg?itok=V2N_nMbp",
    "tags": Array [
      "Theatre",
    ],
    "title": "Changed Utterly",
    "url": "https://www.straight.com/listings/events/1190861",
    "venue": "Jericho Arts Centre",
  },
  Object {
    "date": "Today–Mar 15",
    "id": "1207676",
    "image": undefined,
    "tags": Array [
      "Performing Arts",
      "Theatre",
    ],
    "title": "Cinderella Waltz",
    "url": "https://www.straight.com/listings/events/1207676",
    "venue": "Laura C. Muir Performing Arts Theatre",
  },
  Object {
    "date": "Mar 11-12",
    "id": "1101156",
    "image": undefined,
    "tags": Array [
      "Other",
      "Activism",
    ],
    "title": "Cloud Computing Conferneces",
    "url": "https://www.straight.com/listings/events/1101156",
    "venue": "London Public House",
  },
  Object {
    "date": "Today–Mar 31",
    "id": "1198851",
    "image": "//d2ciprw05cjhos.cloudfront.net/files/v3/styles/gs_thumbnail/public/events/19/02/banal-motivation-new-s.jpg?itok=oeBX4obI",
    "tags": Array [
      "Galleries",
    ],
    "title": "Contemporary Art Exhibition",
    "url": "https://www.straight.com/listings/events/1198851",
    "venue": "Ian Tan Gallery",
  },
  Object {
    "date": "Today–Mar 17",
    "id": "1208971",
    "image": "//d2ciprw05cjhos.cloudfront.net/files/v3/styles/gs_thumbnail/public/events/19/03/ignite_straight.jpg?itok=LQP0xRfn",
    "tags": Array [
      "Sports",
      "Other",
    ],
    "title": "Creating Accessible, Inclusive Yoga Classes with Julia Doty",
    "url": "https://www.straight.com/listings/events/1208971",
    "venue": "Semperviva Yoga Kits Beach Studio",
  },
  Object {
    "date": "Today–Apr 7",
    "id": "1204341",
    "image": "//d2ciprw05cjhos.cloudfront.net/files/v3/styles/gs_thumbnail/public/events/19/02/small_crossed-paths.jpg?itok=Lglt1m2a",
    "tags": Array [
      "Galleries",
      "Performing Arts",
    ],
    "title": "Crossed Paths",
    "url": "https://www.straight.com/listings/events/1204341",
    "venue": "Sidney and Gertrude Zack Gallery",
  },
]
`;
